 HDA

 Timestamp is 697a6de7 (Wed Jan 28 12:13:27 2026)

 Preferred load address is 00010000

 Start         Length     Name                   Class
 0001:00000000 000015b2H .text                   CODE
 0002:00000000 000000acH .idata$5                DATA
 0002:000000b0 00000610H .rdata                  DATA
 0003:00000000 00000d10H .data                   DATA
 0003:00000d10 00000016H .bss                    DATA
 0004:00000000 00003db9H PAGE                    CODE
 0005:00000000 00000015H INIT                    CODE
 0005:00000018 0000003cH .idata$2                CODE
 0005:00000054 00000014H .idata$3                CODE
 0005:00000068 000000acH .idata$4                CODE
 0005:00000114 00000384H .idata$6                CODE
 0006:00000000 00000058H .rsrc$01                DATA
 0006:00000060 000003d8H .rsrc$02                DATA

  Address         Publics by Value              Rva+Base     Lib:Object

 0001:00000000       ?QueryInterface@CAdapterCommon@@UAGJABU_GUID@@PAPAX@Z 000102e0 f i common.obj
 0001:00000018       ?AddRef@CAdapterCommon@@UAGKXZ 000102f8 f i common.obj
 0001:00000028       ?Release@CAdapterCommon@@UAGKXZ 00010308 f i common.obj
 0001:00000038       ??_GCAdapterCommon@@UAEPAXI@Z 00010318 f i common.obj
 0001:00000038       ??_ECAdapterCommon@@UAEPAXI@Z 00010318 f i common.obj
 0001:00000058       ?hda_check_headphone_connection_change@CAdapterCommon@@QAGXXZ 00010338 f   common.obj
 0001:000000ce       ?hda_is_supported_sample_rate@CAdapterCommon@@UAGEK@Z 000103ae f   common.obj
 0001:00000172       ?hda_send_verb@CAdapterCommon@@QAGKKKKK@Z 00010452 f   common.obj
 0001:000002d6       ?ReadController@CAdapterCommon@@UAGEXZ 000105b6 f   common.obj
 0001:000002dc       ?WriteController@CAdapterCommon@@UAGEE@Z 000105bc f   common.obj
 0001:000002e2       ?MixerRegWrite@CAdapterCommon@@UAGXEE@Z 000105c2 f   common.obj
 0001:0000032e       ?MixerRegRead@CAdapterCommon@@UAGEE@Z 0001060e f   common.obj
 0001:0000034c       ?MixerReset@CAdapterCommon@@UAGXXZ 0001062c f   common.obj
 0001:0000035a       ?AcknowledgeIRQ@CAdapterCommon@@AAE?AW4_HDA_INTERRUPT_TYPE@@XZ 0001063a f   common.obj
 0001:0000046e       ?ResetController@CAdapterCommon@@UAGJXZ 0001074e f   common.obj
 0001:0000048e       ?RestoreMixerSettingsFromRegistry@CAdapterCommon@@UAGJXZ 0001076e f   common.obj
 0001:000005ec       ?SaveMixerSettingsToRegistry@CAdapterCommon@@UAGJXZ 000108cc f   common.obj
 0001:000006e8       ?ProgramSampleRate@CAdapterCommon@@UAGJK@Z 000109c8 f   common.obj
 0001:000007b8       ?PowerChangeState@CAdapterCommon@@UAGXT_POWER_STATE@@@Z 00010a98 f   common.obj
 0001:00000816       ?QueryPowerChangeState@CAdapterCommon@@UAGJT_POWER_STATE@@@Z 00010af6 f   common.obj
 0001:00000816       ?QueryDeviceCapabilities@CAdapterCommon@@UAGJPAU_DEVICE_CAPABILITIES@@@Z 00010af6 f   common.obj
 0001:0000081c       ?InterruptServiceRoutine@@YGJPAUIInterruptSync@@PAX@Z 00010afc f   common.obj
 0001:00000854       ?hda_stop_stream@CAdapterCommon@@UAGJXZ 00010b34 f   common.obj
 0001:0000094a       ?hda_start_sound@CAdapterCommon@@UAGXXZ 00010c2a f   common.obj
 0001:00000972       ?hda_stop_sound@CAdapterCommon@@UAGXXZ 00010c52 f   common.obj
 0001:000009b8       ?hda_get_actual_stream_position@CAdapterCommon@@UAGKXZ 00010c98 f   common.obj
 0001:00000a22       ?hda_set_volume@CAdapterCommon@@QAGXKE@Z 00010d02 f   common.obj
 0001:00000a68       ?hda_set_node_gain@CAdapterCommon@@QAGXKKKKKE@Z 00010d48 f   common.obj
 0001:00000ad2       ?readUCHAR@CAdapterCommon@@QAGEG@Z 00010db2 f   common.obj
 0001:00000aea       ?writeUCHAR@CAdapterCommon@@QAGXGE@Z 00010dca f   common.obj
 0001:00000b06       ?readUSHORT@CAdapterCommon@@QAGGG@Z 00010de6 f   common.obj
 0001:00000b1e       ?writeUSHORT@CAdapterCommon@@QAGXGG@Z 00010dfe f   common.obj
 0001:00000b3a       ?readULONG@CAdapterCommon@@QAGKG@Z 00010e1a f   common.obj
 0001:00000b52       ?writeULONG@CAdapterCommon@@QAGXGK@Z 00010e32 f   common.obj
 0001:00000b6e       ?hda_showtime@CAdapterCommon@@UAGJPAUIDmaChannel@@@Z 00010e4e f   common.obj
 0001:00000ca6       ?hda_return_sound_data_format@CAdapterCommon@@QAGGKKK@Z 00010f86 f   common.obj
 0001:00000d68       ?ReadWriteConfigSpace@CAdapterCommon@@AAGJPAU_DEVICE_OBJECT@@KPAXKK@Z 00011048 f   common.obj
 0001:00000e10       ?WriteConfigSpaceByte@CAdapterCommon@@AAGJEEE@Z 000110f0 f   common.obj
 0001:00000e46       ?WriteConfigSpaceWord@CAdapterCommon@@AAGJEGG@Z 00011126 f   common.obj
 0001:00000e7c       ?QueryInterface@CAdapterCommon@@W3AGJABU_GUID@@PAPAX@Z 0001115c f i common.obj
 0001:00000e86       ?AddRef@CAdapterCommon@@W3AGKXZ 00011166 f i common.obj
 0001:00000e90       ?Release@CAdapterCommon@@W3AGKXZ 00011170 f i common.obj
 0001:00000e9a       ?DataRangeIntersection@CMiniportTopologyHDA@@UAGJKPATKSDATAFORMAT@@0KPAXPAK@Z 0001117a f i mintopo.obj
 0001:00000ea2       ??_ECMiniportTopologyHDA@@UAEPAXI@Z 00011182 f i mintopo.obj
 0001:00000ea2       ??_GCMiniportTopologyHDA@@UAEPAXI@Z 00011182 f i mintopo.obj
 0001:000012a0       ?ReadBitsFromMixer@CMiniportTopologyHDA@@AAEEEEE@Z 00011580 f   mintopo.obj
 0001:000012c8       ?WriteBitsToMixer@CMiniportTopologyHDA@@AAEXEEEE@Z 000115a8 f   mintopo.obj
 0001:0000131e       ?AddRef@CMiniportWaveCyclicStreamHDA@@UAGKXZ 000115fe f i minwave.obj
 0001:0000131e       ?AddRef@CMiniportTopologyHDA@@UAGKXZ 000115fe f i minwave.obj
 0001:0000131e       ?AddRef@CMiniportWaveCyclicHDA@@UAGKXZ 000115fe f i minwave.obj
 0001:0000132e       ?Release@CMiniportTopologyHDA@@UAGKXZ 0001160e f i minwave.obj
 0001:0000132e       ?Release@CMiniportWaveCyclicHDA@@UAGKXZ 0001160e f i minwave.obj
 0001:0000132e       ?Release@CMiniportWaveCyclicStreamHDA@@UAGKXZ 0001160e f i minwave.obj
 0001:0000133e       ??_GCMiniportWaveCyclicHDA@@UAEPAXI@Z 0001161e f i minwave.obj
 0001:0000133e       ??_ECMiniportWaveCyclicHDA@@UAEPAXI@Z 0001161e f i minwave.obj
 0001:0000135e       ?QueryInterface@CMiniportWaveCyclicStreamHDA@@UAGJABU_GUID@@PAPAX@Z 0001163e f i minwave.obj
 0001:0000135e       ?QueryInterface@CMiniportWaveCyclicHDA@@UAGJABU_GUID@@PAPAX@Z 0001163e f i minwave.obj
 0001:0000135e       ?QueryInterface@CMiniportTopologyHDA@@UAGJABU_GUID@@PAPAX@Z 0001163e f i minwave.obj
 0001:00001376       ??_ECMiniportWaveCyclicStreamHDA@@UAEPAXI@Z 00011656 f i minwave.obj
 0001:00001376       ??_GCMiniportWaveCyclicStreamHDA@@UAEPAXI@Z 00011656 f i minwave.obj
 0001:00001396       ?GetPosition@CMiniportWaveCyclicStreamHDA@@UAGJPAK@Z 00011676 f   minwave.obj
 0001:000013f8       ?NormalizePhysicalPosition@CMiniportWaveCyclicStreamHDA@@UAGJPA_J@Z 000116d8 f   minwave.obj
 0001:00001440       ?Silence@CMiniportWaveCyclicStreamHDA@@UAGXPAXK@Z 00011720 f   minwave.obj
 0001:0000147a       _DbgPrint                  0001175a f   ntoskrnl:ntoskrnl.exe
 0001:00001480       __alldiv                   00011760 f   ntoskrnl:ntoskrnl.exe
 0001:00001486       __allmul                   00011766 f   ntoskrnl:ntoskrnl.exe
 0001:0000148c       _PcInitializeAdapterDriver@12 0001176c f   portcls:portcls.sys
 0001:00001492       _PcAddAdapterDevice@20     00011772 f   portcls:portcls.sys
 0001:00001498       _PcRegisterSubdevice@12    00011778 f   portcls:portcls.sys
 0001:0000149e       _PcNewMiniport@8           0001177e f   portcls:portcls.sys
 0001:000014a4       _PcNewPort@8               00011784 f   portcls:portcls.sys
 0001:000014aa       _PcRegisterPhysicalConnection@20 0001178a f   portcls:portcls.sys
 0001:000014b0       _PcRegisterAdapterPowerManagement@8 00011790 f   portcls:portcls.sys
 0001:000014b6       _PcNewResourceSublist@20   00011796 f   portcls:portcls.sys
 0001:000014bc       _PcNewInterruptSync@20     0001179c f   portcls:portcls.sys
 0001:000014c2       _PcNewRegistryKey@36       000117a2 f   portcls:portcls.sys
 0001:000014c8       _PcNewServiceGroup@8       000117a8 f   portcls:portcls.sys
 0001:000014ce       ??0CUnknown@@QAE@PAUIUnknown@@@Z 000117ae f   stdunk:stdunk.obj
 0001:000014ed       ??_GCUnknown@@UAEPAXI@Z    000117cd f i stdunk:stdunk.obj
 0001:000014ed       ??_ECUnknown@@UAEPAXI@Z    000117cd f i stdunk:stdunk.obj
 0001:00001509       ??1CUnknown@@UAE@XZ        000117e9 f   stdunk:stdunk.obj
 0001:00001510       ?NonDelegatingAddRef@CUnknown@@UAGKXZ 000117f0 f   stdunk:stdunk.obj
 0001:00001526       ?NonDelegatingRelease@CUnknown@@UAGKXZ 00011806 f   stdunk:stdunk.obj
 0001:00001555       ?NonDelegatingQueryInterface@CUnknown@@UAGJABU_GUID@@PAPAX@Z 00011835 f   stdunk:stdunk.obj
 0002:00000000       __imp_@KfAcquireSpinLock@4 000118a0     hal:HAL.dll
 0002:00000004       __imp_@KfReleaseSpinLock@8 000118a4     hal:HAL.dll
 0002:00000008       __imp__KeStallExecutionProcessor@4 000118a8     hal:HAL.dll
 0002:0000000c       \177HAL_NULL_THUNK_DATA    000118ac     hal:HAL.dll
 0002:00000010       __imp__KeInitializeSpinLock@4 000118b0     ntoskrnl:ntoskrnl.exe
 0002:00000014       __imp__MmUnmapIoSpace@8    000118b4     ntoskrnl:ntoskrnl.exe
 0002:00000018       __imp__RtlInitUnicodeString@8 000118b8     ntoskrnl:ntoskrnl.exe
 0002:0000001c       __imp__DbgPrint            000118bc     ntoskrnl:ntoskrnl.exe
 0002:00000020       __imp__READ_REGISTER_ULONG@4 000118c0     ntoskrnl:ntoskrnl.exe
 0002:00000024       __imp__WRITE_REGISTER_ULONG@8 000118c4     ntoskrnl:ntoskrnl.exe
 0002:00000028       __imp__READ_REGISTER_UCHAR@4 000118c8     ntoskrnl:ntoskrnl.exe
 0002:0000002c       __imp__WRITE_REGISTER_UCHAR@8 000118cc     ntoskrnl:ntoskrnl.exe
 0002:00000030       __imp__READ_REGISTER_USHORT@4 000118d0     ntoskrnl:ntoskrnl.exe
 0002:00000034       __imp__ExAllocatePoolWithTag@12 000118d4     ntoskrnl:ntoskrnl.exe
 0002:00000038       __imp__MmMapIoSpace@16     000118d8     ntoskrnl:ntoskrnl.exe
 0002:0000003c       __imp__KeWaitForSingleObject@20 000118dc     ntoskrnl:ntoskrnl.exe
 0002:00000040       __imp_@IofCallDriver@8     000118e0     ntoskrnl:ntoskrnl.exe
 0002:00000044       __imp__IoBuildSynchronousFsdRequest@28 000118e4     ntoskrnl:ntoskrnl.exe
 0002:00000048       __imp__IoGetAttachedDeviceReference@4 000118e8     ntoskrnl:ntoskrnl.exe
 0002:0000004c       __imp__KeInitializeEvent@12 000118ec     ntoskrnl:ntoskrnl.exe
 0002:00000050       __imp__KeInitializeMutex@8 000118f0     ntoskrnl:ntoskrnl.exe
 0002:00000054       __imp__ExFreePool@4        000118f4     ntoskrnl:ntoskrnl.exe
 0002:00000058       __imp___alldiv             000118f8     ntoskrnl:ntoskrnl.exe
 0002:0000005c       __imp___allmul             000118fc     ntoskrnl:ntoskrnl.exe
 0002:00000060       __imp__IoGetDmaAdapter@12  00011900     ntoskrnl:ntoskrnl.exe
 0002:00000064       __imp__WRITE_REGISTER_USHORT@8 00011904     ntoskrnl:ntoskrnl.exe
 0002:00000068       __imp_@ObfDereferenceObject@4 00011908     ntoskrnl:ntoskrnl.exe
 0002:0000006c       __imp__KeReleaseMutex@8    0001190c     ntoskrnl:ntoskrnl.exe
 0002:00000070       __imp_@InterlockedDecrement@4 00011910     ntoskrnl:ntoskrnl.exe
 0002:00000074       __imp_@InterlockedIncrement@4 00011914     ntoskrnl:ntoskrnl.exe
 0002:00000078       \177ntoskrnl_NULL_THUNK_DATA 00011918     ntoskrnl:ntoskrnl.exe
 0002:0000007c       __imp__PcInitializeAdapterDriver@12 0001191c     portcls:portcls.sys
 0002:00000080       __imp__PcNewMiniport@8     00011920     portcls:portcls.sys
 0002:00000084       __imp__PcNewPort@8         00011924     portcls:portcls.sys
 0002:00000088       __imp__PcRegisterPhysicalConnection@20 00011928     portcls:portcls.sys
 0002:0000008c       __imp__PcAddAdapterDevice@20 0001192c     portcls:portcls.sys
 0002:00000090       __imp__PcRegisterSubdevice@12 00011930     portcls:portcls.sys
 0002:00000094       __imp__PcNewInterruptSync@20 00011934     portcls:portcls.sys
 0002:00000098       __imp__PcNewRegistryKey@36 00011938     portcls:portcls.sys
 0002:0000009c       __imp__PcNewServiceGroup@8 0001193c     portcls:portcls.sys
 0002:000000a0       __imp__PcRegisterAdapterPowerManagement@8 00011940     portcls:portcls.sys
 0002:000000a4       __imp__PcNewResourceSublist@20 00011944     portcls:portcls.sys
 0002:000000a8       \177portcls_NULL_THUNK_DATA 00011948     portcls:portcls.sys
 0002:00000108       _IID_IAdapterCommon        000119a8     adapter.obj
 0002:00000118       _CLSID_MiniportDriverFmSynth 000119b8     adapter.obj
 0002:00000128       _CLSID_PortWaveCyclic      000119c8     adapter.obj
 0002:00000138       _CLSID_PortTopology        000119d8     adapter.obj
 0002:00000148       _CLSID_PortMidi            000119e8     adapter.obj
 0002:00000158       _IID_IAdapterPowerManagment 000119f8     adapter.obj
 0002:00000168       _IID_IMiniportWaveCyclicStream 00011a08     adapter.obj
 0002:00000178       _IID_IMiniportWaveCyclic   00011a18     adapter.obj
 0002:00000188       _IID_IPortWaveCyclic       00011a28     adapter.obj
 0002:00000198       _IID_IMiniportTopology     00011a38     adapter.obj
 0002:000001a8       _IID_IMiniport             00011a48     adapter.obj
 0002:000001b8       _IID_IUnknown              00011a58     adapter.obj
 0002:000001c8       ??_C@_1BE@FFBG@?$AAU?$AAs?$AAe?$AAD?$AAm?$AAa?$AAP?$AAo?$AAs?$AA?$AA@ 00011a68     common.obj
 0002:000001dc       ??_C@_1CA@DADJ@?$AAU?$AAs?$AAe?$AAD?$AAi?$AAs?$AAa?$AAb?$AAl?$AAe?$AAd?$AAP?$AAi?$AAn?$AAs?$AA?$AA@ 00011a7c     common.obj
 0002:000001fc       ??_C@_1BC@MBIB@?$AAU?$AAs?$AAe?$AAS?$AAP?$AAD?$AAI?$AAF?$AA?$AA@ 00011a9c     common.obj
 0002:00000210       ??_C@_1BE@ONOC@?$AAU?$AAs?$AAe?$AAA?$AAl?$AAt?$AAO?$AAu?$AAt?$AA?$AA@ 00011ab0     common.obj
 0002:00000224       ??_C@_1BO@LMMA@?$AAS?$AAk?$AAi?$AAp?$AAC?$AAo?$AAd?$AAe?$AAc?$AAR?$AAe?$AAs?$AAe?$AAt?$AA?$AA@ 00011ac4     common.obj
 0002:00000244       ??_C@_1CI@JKGI@?$AAS?$AAk?$AAi?$AAp?$AAC?$AAo?$AAn?$AAt?$AAr?$AAo?$AAl?$AAl?$AAe?$AAr?$AAR?$AAe?$AAs?$AAe?$AAt?$AA?$AA@ 00011ae4     common.obj
 0002:0000026c       ??_C@_1BE@ENEK@?$AAR?$AAi?$AAg?$AAh?$AAt?$AAB?$AAa?$AAs?$AAs?$AA?$AA@ 00011b0c     common.obj
 0002:00000280       ??_C@_1BC@JMJO@?$AAL?$AAe?$AAf?$AAt?$AAB?$AAa?$AAs?$AAs?$AA?$AA@ 00011b20     common.obj
 0002:00000294       ??_C@_1BI@KGAJ@?$AAR?$AAi?$AAg?$AAh?$AAt?$AAT?$AAr?$AAe?$AAb?$AAl?$AAe?$AA?$AA@ 00011b34     common.obj
 0002:000002ac       ??_C@_1BG@BGGD@?$AAL?$AAe?$AAf?$AAt?$AAT?$AAr?$AAe?$AAb?$AAl?$AAe?$AA?$AA@ 00011b4c     common.obj
 0002:000002c4       ??_C@_1O@IECC@?$AAM?$AAi?$AAc?$AAA?$AAG?$AAC?$AA?$AA@ 00011b64     common.obj
 0002:000002d4       ??_C@_1CA@EJHI@?$AAR?$AAi?$AAg?$AAh?$AAt?$AAO?$AAu?$AAt?$AAp?$AAu?$AAt?$AAG?$AAa?$AAi?$AAn?$AA?$AA@ 00011b74     common.obj
 0002:000002f4       ??_C@_1BO@PPLI@?$AAL?$AAe?$AAf?$AAt?$AAO?$AAu?$AAt?$AAp?$AAu?$AAt?$AAG?$AAa?$AAi?$AAn?$AA?$AA@ 00011b94     common.obj
 0002:00000314       ??_C@_1BO@PMCJ@?$AAR?$AAi?$AAg?$AAh?$AAt?$AAI?$AAn?$AAp?$AAu?$AAt?$AAG?$AAa?$AAi?$AAn?$AA?$AA@ 00011bb4     common.obj
 0002:00000334       ??_C@_1BM@CFEM@?$AAL?$AAe?$AAf?$AAt?$AAI?$AAn?$AAp?$AAu?$AAt?$AAG?$AAa?$AAi?$AAn?$AA?$AA@ 00011bd4     common.obj
 0002:00000350       ??_C@_1CA@CIKM@?$AAR?$AAi?$AAg?$AAh?$AAt?$AAI?$AAn?$AAp?$AAu?$AAt?$AAM?$AAi?$AAx?$AAe?$AAr?$AA?$AA@ 00011bf0     common.obj
 0002:00000370       ??_C@_1BO@JOGM@?$AAL?$AAe?$AAf?$AAt?$AAI?$AAn?$AAp?$AAu?$AAt?$AAM?$AAi?$AAx?$AAe?$AAr?$AA?$AA@ 00011c10     common.obj
 0002:00000390       ??_C@_1BI@BMOJ@?$AAO?$AAu?$AAt?$AAp?$AAu?$AAt?$AAM?$AAi?$AAx?$AAe?$AAr?$AA?$AA@ 00011c30     common.obj
 0002:000003a8       ??_C@_1BE@GLOL@?$AAP?$AAc?$AAS?$AAp?$AAk?$AAr?$AAV?$AAo?$AAl?$AA?$AA@ 00011c48     common.obj
 0002:000003bc       ??_C@_1O@MNBB@?$AAM?$AAi?$AAc?$AAV?$AAo?$AAl?$AA?$AA@ 00011c5c     common.obj
 0002:000003cc       ??_C@_1BO@HCKE@?$AAR?$AAi?$AAg?$AAh?$AAt?$AAL?$AAi?$AAn?$AAe?$AAI?$AAn?$AAV?$AAo?$AAl?$AA?$AA@ 00011c6c     common.obj
 0002:000003ec       ??_C@_1BM@KLMB@?$AAL?$AAe?$AAf?$AAt?$AAL?$AAi?$AAn?$AAe?$AAI?$AAn?$AAV?$AAo?$AAl?$AA?$AA@ 00011c8c     common.obj
 0002:00000408       ??_C@_1BG@COJL@?$AAR?$AAi?$AAg?$AAh?$AAt?$AAC?$AAD?$AAV?$AAo?$AAl?$AA?$AA@ 00011ca8     common.obj
 0002:00000420       ??_C@_1BE@KMKA@?$AAL?$AAe?$AAf?$AAt?$AAC?$AAD?$AAV?$AAo?$AAl?$AA?$AA@ 00011cc0     common.obj
 0002:00000434       ??_C@_1BK@JCIM@?$AAR?$AAi?$AAg?$AAh?$AAt?$AAM?$AAi?$AAd?$AAi?$AAV?$AAo?$AAl?$AA?$AA@ 00011cd4     common.obj
 0002:00000450       ??_C@_1BI@KBIJ@?$AAL?$AAe?$AAf?$AAt?$AAM?$AAi?$AAd?$AAi?$AAV?$AAo?$AAl?$AA?$AA@ 00011cf0     common.obj
 0002:00000468       ??_C@_1BK@MFCG@?$AAR?$AAi?$AAg?$AAh?$AAt?$AAW?$AAa?$AAv?$AAe?$AAV?$AAo?$AAl?$AA?$AA@ 00011d08     common.obj
 0002:00000484       ??_C@_1BI@PGCD@?$AAL?$AAe?$AAf?$AAt?$AAW?$AAa?$AAv?$AAe?$AAV?$AAo?$AAl?$AA?$AA@ 00011d24     common.obj
 0002:0000049c       ??_C@_1BO@NHA@?$AAR?$AAi?$AAg?$AAh?$AAt?$AAM?$AAa?$AAs?$AAt?$AAe?$AAr?$AAV?$AAo?$AAl?$AA?$AA@ 00011d3c     common.obj
 0002:000004bc       ??_C@_1BM@NEBF@?$AAL?$AAe?$AAf?$AAt?$AAM?$AAa?$AAs?$AAt?$AAe?$AAr?$AAV?$AAo?$AAl?$AA?$AA@ 00011d5c     common.obj
 0002:000004d8       ??_7CAdapterCommon@@6BIAdapterPowerManagement@@@ 00011d78     common.obj
 0002:000004f0       ??_7CAdapterCommon@@6BIAdapterCommon@@@ 00011d90     common.obj
 0002:0000054c       ??_7CAdapterCommon@@6BCUnknown@@@ 00011dec     common.obj
 0002:00000628       ??_7CMiniportTopologyHDA@@6BIMiniportTopology@@@ 00011ec8     mintopo.obj
 0002:00000640       ??_7CMiniportTopologyHDA@@6BCUnknown@@@ 00011ee0     mintopo.obj
 0002:00000650       ??_7CMiniportWaveCyclicHDA@@6BIMiniportWaveCyclic@@@ 00011ef0     minwave.obj
 0002:0000066c       ??_7CMiniportWaveCyclicHDA@@6BCUnknown@@@ 00011f0c     minwave.obj
 0002:0000067c       ??_7CMiniportWaveCyclicStreamHDA@@6BIMiniportWaveCyclicStream@@@ 00011f1c     minwave.obj
 0002:000006a0       ??_7CMiniportWaveCyclicStreamHDA@@6BCUnknown@@@ 00011f40     minwave.obj
 0002:000006b0       ??_7CUnknown@@6B@          00011f50     stdunk:stdunk.obj
 0003:00000000       __GUID_b7902fe9_fb0a_11d1_81b0_0060083316c1 00011f60     adapter.obj
 0003:00000010       __GUID_d3f0ce1c_fffc_11d1_81b0_0060083316c1 00011f70     adapter.obj
 0003:00000020       __GUID_c096df9c_fb09_11d1_81b0_0060083316c1 00011f80     adapter.obj
 0003:00000138       ?audBufSize@@3KA           00012098     common.obj
 0003:0000013c       ?BdlSize@@3KA              0001209c     common.obj
 0003:00000838       __GUID_185fedf6_9905_11d1_95a9_00c04fb925d3 00012798     mintopo.obj
 0003:00000848       __GUID_185fedef_9905_11d1_95a9_00c04fb925d3 000127a8     mintopo.obj
 0003:00000858       __GUID_185fede1_9905_11d1_95a9_00c04fb925d3 000127b8     mintopo.obj
 0003:00000868       __GUID_185fede0_9905_11d1_95a9_00c04fb925d3 000127c8     mintopo.obj
 0003:00000878       __GUID_7607e580_c557_11d0_8a2b_00a0c9255ac1 000127d8     mintopo.obj
 0003:00000888       __GUID_185fede3_9905_11d1_95a9_00c04fb925d3 000127e8     mintopo.obj
 0003:00000898       __GUID_da441a60_c556_11d0_8a2b_00a0c9255ac1 000127f8     mintopo.obj
 0003:000008a8       __GUID_185fedee_9905_11d1_95a9_00c04fb925d3 00012808     mintopo.obj
 0003:000008b8       __GUID_02b223c0_c557_11d0_8a2b_00a0c9255ac1 00012818     mintopo.obj
 0003:000008c8       __GUID_185feded_9905_11d1_95a9_00c04fb925d3 00012828     mintopo.obj
 0003:000008d8       __GUID_e88c9ba0_c557_11d0_8a2b_00a0c9255ac1 00012838     mintopo.obj
 0003:000008e8       __GUID_185fedec_9905_11d1_95a9_00c04fb925d3 00012848     mintopo.obj
 0003:000008f8       __GUID_185fedeb_9905_11d1_95a9_00c04fb925d3 00012858     mintopo.obj
 0003:00000908       __GUID_185fedea_9905_11d1_95a9_00c04fb925d3 00012868     mintopo.obj
 0003:00000918       __GUID_185fede9_9905_11d1_95a9_00c04fb925d3 00012878     mintopo.obj
 0003:00000928       __GUID_185fede8_9905_11d1_95a9_00c04fb925d3 00012888     mintopo.obj
 0003:00000938       __GUID_e573adc0_c555_11d0_8a2b_00a0c9255ac1 00012898     mintopo.obj
 0003:00000948       __GUID_185fede7_9905_11d1_95a9_00c04fb925d3 000128a8     mintopo.obj
 0003:00000958       __GUID_185fede5_9905_11d1_95a9_00c04fb925d3 000128b8     mintopo.obj
 0003:00000968       __GUID_3a5acc00_c557_11d0_8a2b_00a0c9255ac1 000128c8     mintopo.obj
 0003:00000978       __GUID_45ffaaa0_6e1b_11d0_bcf2_444553540000 000128d8     mintopo.obj
 0003:00000988       __GUID_6994ad04_93ef_11d0_a3cc_00a0c9223196 000128e8     mintopo.obj
 0003:00000998       __GUID_185fedf7_9905_11d1_95a9_00c04fb925d3 000128f8     mintopo.obj
 0003:000009a8       __GUID_dff21ce1_f70f_11d0_b917_00a0c9223196 00012908     mintopo.obj
 0003:000009b8       __GUID_dff21be1_f70f_11d0_b917_00a0c9223196 00012918     mintopo.obj
 0003:000009c8       __GUID_185fedf9_9905_11d1_95a9_00c04fb925d3 00012928     mintopo.obj
 0003:000009d8       __GUID_dff21fe3_f70f_11d0_b917_00a0c9223196 00012938     mintopo.obj
 0003:000009e8       __GUID_185fedfb_9905_11d1_95a9_00c04fb925d3 00012948     mintopo.obj
 0003:000009f8       __GUID_dff220e3_f70f_11d0_b917_00a0c9223196 00012958     mintopo.obj
 0003:00000a08       __GUID_185fedf8_9905_11d1_95a9_00c04fb925d3 00012968     mintopo.obj
 0003:00000a18       __GUID_dff220f3_f70f_11d0_b917_00a0c9223196 00012978     mintopo.obj
 0003:00000a28       __GUID_dff21fe4_f70f_11d0_b917_00a0c9223196 00012988     mintopo.obj
 0003:00000a38       __GUID_97e99ba0_bdea_11cf_a5d6_28db04c10000 00012998     mintopo.obj
 0003:00000c80       __GUID_507ae360_c554_11d0_8a2b_00a0c9255ac1 00012be0     minwave.obj
 0003:00000c90       __GUID_4d837fe0_c555_11d0_8a2b_00a0c9255ac1 00012bf0     minwave.obj
 0003:00000ca0       __GUID_185fedfa_9905_11d1_95a9_00c04fb925d3 00012c00     minwave.obj
 0003:00000cb0       __GUID_fb6c4281_0353_11d1_905f_0000c0cc16ba 00012c10     minwave.obj
 0003:00000cc0       __GUID_05589f81_c356_11ce_bf01_00aa0055595a 00012c20     minwave.obj
 0003:00000cd0       __GUID_00000001_0000_0010_8000_00aa00389b71 00012c30     minwave.obj
 0003:00000ce0       __GUID_73647561_0000_0010_8000_00aa00389b71 00012c40     minwave.obj
 0003:00000cf0       __GUID_0f6417d6_c318_11d0_a43f_00a0c9223196 00012c50     minwave.obj
 0003:00000d00       __GUID_518590a2_a184_11d0_8522_00c04fd9baf3 00012c60     minwave.obj
 0003:00000d10       __GUID_00000000_0000_0000_0000_000000000000 00012c70     adapter.obj
 0004:00000000       _AddDevice@8               00012ca0 f   adapter.obj
 0004:0000001a       ?InstallSubdevice@@YGJPAU_DEVICE_OBJECT@@PAU_IRP@@PAGABU_GUID@@3P6GJPAPAUIUnknown@@3PAU4@W4_POOL_TYPE@@@Z5PAUIResourceList@@344@Z 00012cba f   adapter.obj
 0004:00000120       ?StartDevice@@YGJPAU_DEVICE_OBJECT@@PAU_IRP@@PAUIResourceList@@@Z 00012dc0 f   adapter.obj
 0004:0000036e       ?AssignResources@@YGJPAUIResourceList@@PAPAU1@11111@Z 0001300e f   adapter.obj
 0004:000004fe       ?NewAdapterCommon@@YGJPAPAUIUnknown@@ABU_GUID@@PAU1@W4_POOL_TYPE@@@Z 0001319e f   common.obj
 0004:00000797       ?Init@CAdapterCommon@@UAGJPAUIResourceList@@PAU_DEVICE_OBJECT@@@Z 00013437 f   common.obj
 0004:00000eec       ??1CAdapterCommon@@UAE@XZ  00013b8c f   common.obj
 0004:00001040       ?NonDelegatingQueryInterface@CAdapterCommon@@UAGJABU_GUID@@PAPAX@Z 00013ce0 f   common.obj
 0004:00001100       ?WavePortDriverDest@CAdapterCommon@@UAGPAPAUIUnknown@@XZ 00013da0 f   common.obj
 0004:0000110c       ?GetInterruptSync@CAdapterCommon@@UAGPAUIInterruptSync@@XZ 00013dac f   common.obj
 0004:0000111a       ?MidiPortDriverDest@CAdapterCommon@@UAGPAPAUIUnknown@@XZ 00013dba f   common.obj
 0004:00001126       ?SetWaveServiceGroup@CAdapterCommon@@UAGXPAUIServiceGroup@@@Z 00013dc6 f   common.obj
 0004:00001156       ?InitHDAController@CAdapterCommon@@QAGJXZ 00013df6 f   common.obj
 0004:0000161c       ?InitializeCodec@CAdapterCommon@@QAGJE@Z 000142bc f   common.obj
 0004:00001a97       ?hda_initialize_audio_function_group@CAdapterCommon@@QAGJKK@Z 00014737 f   common.obj
 0004:000022f8       ?hda_get_node_type@CAdapterCommon@@QAGEKK@Z 00014f98 f   common.obj
 0004:0000231a       ?hda_get_node_connection_entries@CAdapterCommon@@QAGKKKK@Z 00014fba f   common.obj
 0004:000023a0       ?hda_enable_pin_output@CAdapterCommon@@QAGXKK@Z 00015040 f   common.obj
 0004:000023d2       ?hda_disable_pin_output@CAdapterCommon@@QAGXKK@Z 00015072 f   common.obj
 0004:00002404       ?hda_is_headphone_connected@CAdapterCommon@@QAGEXZ 000150a4 f   common.obj
 0004:0000243e       ?hda_initialize_output_pin@CAdapterCommon@@QAGXK@Z 000150de f   common.obj
 0004:000025b4       ?hda_initialize_audio_output@CAdapterCommon@@QAGXK@Z 00015254 f   common.obj
 0004:000026e2       ?hda_initialize_audio_mixer@CAdapterCommon@@QAGXK@Z 00015382 f   common.obj
 0004:000027dc       ?hda_initialize_audio_selector@CAdapterCommon@@QAGXK@Z 0001547c f   common.obj
 0004:00002912       ?ReadRegistryBoolean@CAdapterCommon@@AAGEPBGE@Z 000155b2 f   common.obj
 0004:000029ee       ?CreateMiniportTopologyHDA@@YGJPAPAUIUnknown@@ABU_GUID@@PAU1@W4_POOL_TYPE@@@Z 0001568e f   mintopo.obj
 0004:00002a4e       ?ProcessResources@CMiniportTopologyHDA@@AAEJPAUIResourceList@@@Z 000156ee f   mintopo.obj
 0004:00002a72       ?NonDelegatingQueryInterface@CMiniportTopologyHDA@@UAGJABU_GUID@@PAPAX@Z 00015712 f   mintopo.obj
 0004:00002b20       ??1CMiniportTopologyHDA@@UAE@XZ 000157c0 f   mintopo.obj
 0004:00002b64       ?Init@CMiniportTopologyHDA@@UAGJPAUIUnknown@@PAUIResourceList@@PAUIPortTopology@@@Z 00015804 f   mintopo.obj
 0004:00002bc6       ?GetDescription@CMiniportTopologyHDA@@UAGJPAPAUPCFILTER_DESCRIPTOR@@@Z 00015866 f   mintopo.obj
 0004:000033ea       ?CreateMiniportWaveCyclicHDA@@YGJPAPAUIUnknown@@ABU_GUID@@PAU1@W4_POOL_TYPE@@@Z 0001608a f   minwave.obj
 0004:0000344a       ?ProcessResources@CMiniportWaveCyclicHDA@@AAEJPAUIResourceList@@@Z 000160ea f   minwave.obj
 0004:000034f0       ?ValidateFormat@CMiniportWaveCyclicHDA@@AAEJPATKSDATAFORMAT@@@Z 00016190 f   minwave.obj
 0004:000035da       ?NonDelegatingQueryInterface@CMiniportWaveCyclicHDA@@UAGJABU_GUID@@PAPAX@Z 0001627a f   minwave.obj
 0004:00003688       ??1CMiniportWaveCyclicHDA@@UAE@XZ 00016328 f   minwave.obj
 0004:000036dc       ?Init@CMiniportWaveCyclicHDA@@UAGJPAUIUnknown@@PAUIResourceList@@PAUIPortWaveCyclic@@@Z 0001637c f   minwave.obj
 0004:00003784       ?GetDescription@CMiniportWaveCyclicHDA@@UAGJPAPAUPCFILTER_DESCRIPTOR@@@Z 00016424 f   minwave.obj
 0004:00003794       ?DataRangeIntersection@CMiniportWaveCyclicHDA@@UAGJKPATKSDATAFORMAT@@0KPAXPAK@Z 00016434 f   minwave.obj
 0004:000039ea       ?NewStream@CMiniportWaveCyclicHDA@@UAGJPAPAUIMiniportWaveCyclicStream@@PAUIUnknown@@W4_POOL_TYPE@@KEPATKSDATAFORMAT@@PAPAUIDmaChannel@@PAPAUIServiceGroup@@@Z 0001668a f   minwave.obj
 0004:00003b2a       ?NonDelegatingQueryInterface@CMiniportWaveCyclicStreamHDA@@UAGJABU_GUID@@PAPAX@Z 000167ca f   minwave.obj
 0004:00003bb2       ??1CMiniportWaveCyclicStreamHDA@@UAE@XZ 00016852 f   minwave.obj
 0004:00003c1c       ?Init@CMiniportWaveCyclicStreamHDA@@QAEJPAVCMiniportWaveCyclicHDA@@KEPATKSDATAFORMAT@@PAUIDmaChannel@@@Z 000168bc f   minwave.obj
 0004:00003ca2       ?SetNotificationFreq@CMiniportWaveCyclicStreamHDA@@UAGKKPAK@Z 00016942 f   minwave.obj
 0004:00003ce2       ?SetFormat@CMiniportWaveCyclicStreamHDA@@UAGJPATKSDATAFORMAT@@@Z 00016982 f   minwave.obj
 0004:00003d6e       ?SetState@CMiniportWaveCyclicStreamHDA@@UAGJW4KSSTATE@@@Z 00016a0e f   minwave.obj
 0005:00000000       _DriverEntry@8             00016a60 f   adapter.obj
 0005:00000018       __IMPORT_DESCRIPTOR_ntoskrnl 00016a78     ntoskrnl:ntoskrnl.exe
 0005:0000002c       __IMPORT_DESCRIPTOR_HAL    00016a8c     hal:HAL.dll
 0005:00000040       __IMPORT_DESCRIPTOR_portcls 00016aa0     portcls:portcls.sys
 0005:00000054       __NULL_IMPORT_DESCRIPTOR   00016ab4     ntoskrnl:ntoskrnl.exe

 entry point at        0005:00000000

 Static symbols

 0004:00002bd6       ?PropertyHandler_OnOff@@YGJPAU_PCPROPERTY_REQUEST@@@Z 00015876 f   mintopo.obj
 0004:00002d74       ?PropertyHandler_SuperMixCaps@@YGJPAU_PCPROPERTY_REQUEST@@@Z 00015a14 f   mintopo.obj
 0004:00002f4e       ?PropertyHandler_SuperMixTable@@YGJPAU_PCPROPERTY_REQUEST@@@Z 00015bee f   mintopo.obj
 0004:0000326a       ?PropertyHandler_CpuResources@@YGJPAU_PCPROPERTY_REQUEST@@@Z 00015f0a f   mintopo.obj
 0001:00000ec2       ?PropertyHandler_Level@@YGJPAU_PCPROPERTY_REQUEST@@@Z 000111a2 f   mintopo.obj
 0004:000032f6       ?BasicSupportHandler@@YGJPAU_PCPROPERTY_REQUEST@@@Z 00015f96 f   mintopo.obj

 115 bytes saved through ICF

