
 Start  Stop   Length Name               Class

 00000H 02BBFH 02BC0H CODE               

  Address         Publics by Name

 0000:25CA       COPYRIGHT_MSG
 0000:01DB       COUNT_IN_ERR
 0000:01E8       COUNT_OUT_ERR
 0000:2B5A       DECOUT
 0000:0530       DRIVER_CLASS
 0000:0532       DRIVER_NAME
 0000:0531       DRIVER_TYPE
 0000:26C8       ETOPEN
 0000:241D       GET_ADDRESS
 0000:2A8F       GET_HEX
 0000:2A8A       GET_NUMBER
 0000:2B50       HEXOUT
 0000:051C       INT_NO
 0000:0107       IS_AT
 0000:0520       LANA_NUM
 0000:0524       MAC_ADDR
 0000:01B3       OUR_ISR
 0000:0103       PACKET_INT_NO
 0000:269F       PARSE_ARGS
 0000:0080       PHD_DIOA
 0000:002C       PHD_ENVIRON
 0000:244A       RECV
 0000:050C       RECV_COPY
 0000:0497       RECV_FIND
 0000:2436       RESET_INTERFACE
 0000:2388       SEND_PKT
 0000:2432       SET_ADDRESS
 0000:03F2       SET_RECV_ISR
 0000:2B29       SKIP_BLANKS
 0000:2996       START_1
 0000:01AF       THEIR_ISR
 0000:2598       USAGE_MSG

  Address         Publics by Value

 0000:002C       PHD_ENVIRON
 0000:0080       PHD_DIOA
 0000:0103       PACKET_INT_NO
 0000:0107       IS_AT
 0000:01AF       THEIR_ISR
 0000:01B3       OUR_ISR
 0000:01DB       COUNT_IN_ERR
 0000:01E8       COUNT_OUT_ERR
 0000:03F2       SET_RECV_ISR
 0000:0497       RECV_FIND
 0000:050C       RECV_COPY
 0000:051C       INT_NO
 0000:0520       LANA_NUM
 0000:0524       MAC_ADDR
 0000:0530       DRIVER_CLASS
 0000:0531       DRIVER_TYPE
 0000:0532       DRIVER_NAME
 0000:2388       SEND_PKT
 0000:241D       GET_ADDRESS
 0000:2432       SET_ADDRESS
 0000:2436       RESET_INTERFACE
 0000:244A       RECV
 0000:2598       USAGE_MSG
 0000:25CA       COPYRIGHT_MSG
 0000:269F       PARSE_ARGS
 0000:26C8       ETOPEN
 0000:2996       START_1
 0000:2A8A       GET_NUMBER
 0000:2A8F       GET_HEX
 0000:2B29       SKIP_BLANKS
 0000:2B50       HEXOUT
 0000:2B5A       DECOUT

Program entry point at 0000:0100
Warning: no stack

